// Jest Snapshot v1, https://goo.gl/fbAQLP

exports[`App Component Snapshot - it renders correctly 1`] = `
<RCTScrollView
  contentContainerStyle={
    Object {
      "bottom": 30,
    }
  }
  contentInsetAdjustmentBehavior="automatic"
  keyboardShouldPersistTaps="handled"
>
  <View>
    <View>
      <View>
        <Text
          style={
            Object {
              "color": "#54C1B7",
              "fontSize": 20,
              "fontWeight": "bold",
              "letterSpacing": 10,
              "marginBottom": -27,
              "marginTop": 60,
              "textAlign": "center",
            }
          }
        >
          search
        </Text>
        <View
          accessible={true}
          focusable={true}
          isTVSelectable={true}
          onClick={[Function]}
          onResponderGrant={[Function]}
          onResponderMove={[Function]}
          onResponderRelease={[Function]}
          onResponderTerminate={[Function]}
          onResponderTerminationRequest={[Function]}
          onStartShouldSetResponder={[Function]}
          style={
            Object {
              "opacity": 1,
            }
          }
        >
          <Image
            source={1}
            style={
              Object {
                "alignSelf": "center",
                "height": 100,
                "paddingVertical": 10,
                "resizeMode": "contain",
                "width": "95%",
              }
            }
          />
        </View>
      </View>
      <View
        style={
          Object {
            "flexDirection": "row",
          }
        }
      >
        <Text
          style={
            Object {
              "alignSelf": "center",
              "fontSize": 20,
              "marginLeft": 5,
            }
          }
        >
          üîç
        </Text>
        <TextInput
          allowFontScaling={true}
          onChangeText={[Function]}
          placeholder="Search..."
          rejectResponderTermination={true}
          style={
            Object {
              "borderColor": "#D1529E",
              "borderRadius": 5,
              "borderStyle": "dotted",
              "borderWidth": 1,
              "color": "#0F406E",
              "flex": 8,
              "marginLeft": 5,
              "marginVertical": 5,
              "padding": 15,
            }
          }
          underlineColorAndroid="transparent"
          value=""
        />
        <View
          accessible={true}
          focusable={true}
          isTVSelectable={true}
          onClick={[Function]}
          onResponderGrant={[Function]}
          onResponderMove={[Function]}
          onResponderRelease={[Function]}
          onResponderTerminate={[Function]}
          onResponderTerminationRequest={[Function]}
          onStartShouldSetResponder={[Function]}
          style={
            Object {
              "alignItems": "center",
              "backgroundColor": "#D1529E",
              "borderRadius": 15,
              "flex": 1,
              "justifyContent": "center",
              "margin": 5,
              "opacity": 1,
              "padding": 5,
            }
          }
        >
          <Text
            style={
              Object {
                "color": "white",
                "fontWeight": "bold",
              }
            }
          >
            Go!
          </Text>
        </View>
      </View>
      <View>
        <Text
          style={
            Object {
              "backgroundColor": "#54C1B7",
              "color": "white",
              "fontWeight": "bold",
              "marginVertical": 15,
              "paddingLeft": 15,
              "paddingVertical": 5,
            }
          }
        >
          Most Recent:
        </Text>
        <RCTScrollView
          data={Array []}
          disableVirtualization={false}
          getItem={[Function]}
          getItemCount={[Function]}
          horizontal={false}
          initialNumToRender={10}
          keyExtractor={[Function]}
          maxToRenderPerBatch={10}
          numColumns={1}
          onContentSizeChange={[Function]}
          onEndReachedThreshold={2}
          onLayout={[Function]}
          onMomentumScrollEnd={[Function]}
          onScroll={[Function]}
          onScrollBeginDrag={[Function]}
          onScrollEndDrag={[Function]}
          removeClippedSubviews={false}
          renderItem={[Function]}
          scrollEventThrottle={50}
          stickyHeaderIndices={Array []}
          updateCellsBatchingPeriod={50}
          viewabilityConfigCallbackPairs={Array []}
          windowSize={21}
        >
          <View />
        </RCTScrollView>
        <View>
          <Text
            style={
              Object {
                "backgroundColor": "#54C1B7",
                "color": "white",
                "fontWeight": "bold",
                "marginVertical": 15,
                "paddingLeft": 15,
                "paddingVertical": 5,
              }
            }
          >
            Not sure what to read? Here are our favourite topics:
          </Text>
          <View
            accessible={true}
            focusable={true}
            isTVSelectable={true}
            onClick={[Function]}
            onResponderGrant={[Function]}
            onResponderMove={[Function]}
            onResponderRelease={[Function]}
            onResponderTerminate={[Function]}
            onResponderTerminationRequest={[Function]}
            onStartShouldSetResponder={[Function]}
            style={
              Object {
                "opacity": 1,
              }
            }
          >
            <View
              style={
                Object {
                  "backgroundColor": "white",
                  "borderRadius": 10,
                  "elevation": 5,
                  "flexDirection": "row",
                  "marginHorizontal": 5,
                  "marginVertical": 3,
                  "padding": 10,
                  "shadowColor": "#000",
                  "shadowOffset": Object {
                    "height": 2,
                    "width": 0,
                  },
                  "shadowOpacity": 0.25,
                  "shadowRadius": 3.84,
                }
              }
            >
              <Text
                style={
                  Object {
                    "alignSelf": "center",
                    "color": "#0F406E",
                    "fontSize": 20,
                    "fontWeight": "bold",
                    "letterSpacing": 3,
                    "padding": 10,
                  }
                }
              >
                CULTURE
              </Text>
              <Text
                style={
                  Object {
                    "alignSelf": "center",
                    "color": "#D1529E",
                    "fontSize": 18,
                  }
                }
              >
                &gt;
              </Text>
              <Text
                style={
                  Object {
                    "alignSelf": "center",
                    "color": "#54C1B7",
                    "fontSize": 18,
                  }
                }
              >
                &gt;
              </Text>
            </View>
          </View>
          <View
            accessible={true}
            focusable={true}
            isTVSelectable={true}
            onClick={[Function]}
            onResponderGrant={[Function]}
            onResponderMove={[Function]}
            onResponderRelease={[Function]}
            onResponderTerminate={[Function]}
            onResponderTerminationRequest={[Function]}
            onStartShouldSetResponder={[Function]}
            style={
              Object {
                "opacity": 1,
              }
            }
          >
            <View
              style={
                Object {
                  "backgroundColor": "white",
                  "borderRadius": 10,
                  "elevation": 5,
                  "flexDirection": "row",
                  "marginHorizontal": 5,
                  "marginVertical": 3,
                  "padding": 10,
                  "shadowColor": "#000",
                  "shadowOffset": Object {
                    "height": 2,
                    "width": 0,
                  },
                  "shadowOpacity": 0.25,
                  "shadowRadius": 3.84,
                }
              }
            >
              <Text
                style={
                  Object {
                    "alignSelf": "center",
                    "color": "#0F406E",
                    "fontSize": 20,
                    "fontWeight": "bold",
                    "letterSpacing": 3,
                    "padding": 10,
                  }
                }
              >
                ENVIRONMENT
              </Text>
              <Text
                style={
                  Object {
                    "alignSelf": "center",
                    "color": "#D1529E",
                    "fontSize": 18,
                  }
                }
              >
                &gt;
              </Text>
              <Text
                style={
                  Object {
                    "alignSelf": "center",
                    "color": "#54C1B7",
                    "fontSize": 18,
                  }
                }
              >
                &gt;
              </Text>
            </View>
          </View>
          <View
            accessible={true}
            focusable={true}
            isTVSelectable={true}
            onClick={[Function]}
            onResponderGrant={[Function]}
            onResponderMove={[Function]}
            onResponderRelease={[Function]}
            onResponderTerminate={[Function]}
            onResponderTerminationRequest={[Function]}
            onStartShouldSetResponder={[Function]}
            style={
              Object {
                "opacity": 1,
              }
            }
          >
            <View
              style={
                Object {
                  "backgroundColor": "white",
                  "borderRadius": 10,
                  "elevation": 5,
                  "flexDirection": "row",
                  "marginHorizontal": 5,
                  "marginVertical": 3,
                  "padding": 10,
                  "shadowColor": "#000",
                  "shadowOffset": Object {
                    "height": 2,
                    "width": 0,
                  },
                  "shadowOpacity": 0.25,
                  "shadowRadius": 3.84,
                }
              }
            >
              <Text
                style={
                  Object {
                    "alignSelf": "center",
                    "color": "#0F406E",
                    "fontSize": 20,
                    "fontWeight": "bold",
                    "letterSpacing": 3,
                    "padding": 10,
                  }
                }
              >
                FILM
              </Text>
              <Text
                style={
                  Object {
                    "alignSelf": "center",
                    "color": "#D1529E",
                    "fontSize": 18,
                  }
                }
              >
                &gt;
              </Text>
              <Text
                style={
                  Object {
                    "alignSelf": "center",
                    "color": "#54C1B7",
                    "fontSize": 18,
                  }
                }
              >
                &gt;
              </Text>
            </View>
          </View>
          <View
            accessible={true}
            focusable={true}
            isTVSelectable={true}
            onClick={[Function]}
            onResponderGrant={[Function]}
            onResponderMove={[Function]}
            onResponderRelease={[Function]}
            onResponderTerminate={[Function]}
            onResponderTerminationRequest={[Function]}
            onStartShouldSetResponder={[Function]}
            style={
              Object {
                "opacity": 1,
              }
            }
          >
            <View
              style={
                Object {
                  "backgroundColor": "white",
                  "borderRadius": 10,
                  "elevation": 5,
                  "flexDirection": "row",
                  "marginHorizontal": 5,
                  "marginVertical": 3,
                  "padding": 10,
                  "shadowColor": "#000",
                  "shadowOffset": Object {
                    "height": 2,
                    "width": 0,
                  },
                  "shadowOpacity": 0.25,
                  "shadowRadius": 3.84,
                }
              }
            >
              <Text
                style={
                  Object {
                    "alignSelf": "center",
                    "color": "#0F406E",
                    "fontSize": 20,
                    "fontWeight": "bold",
                    "letterSpacing": 3,
                    "padding": 10,
                  }
                }
              >
                FOOD
              </Text>
              <Text
                style={
                  Object {
                    "alignSelf": "center",
                    "color": "#D1529E",
                    "fontSize": 18,
                  }
                }
              >
                &gt;
              </Text>
              <Text
                style={
                  Object {
                    "alignSelf": "center",
                    "color": "#54C1B7",
                    "fontSize": 18,
                  }
                }
              >
                &gt;
              </Text>
            </View>
          </View>
          <View
            accessible={true}
            focusable={true}
            isTVSelectable={true}
            onClick={[Function]}
            onResponderGrant={[Function]}
            onResponderMove={[Function]}
            onResponderRelease={[Function]}
            onResponderTerminate={[Function]}
            onResponderTerminationRequest={[Function]}
            onStartShouldSetResponder={[Function]}
            style={
              Object {
                "opacity": 1,
              }
            }
          >
            <View
              style={
                Object {
                  "backgroundColor": "white",
                  "borderRadius": 10,
                  "elevation": 5,
                  "flexDirection": "row",
                  "marginHorizontal": 5,
                  "marginVertical": 3,
                  "padding": 10,
                  "shadowColor": "#000",
                  "shadowOffset": Object {
                    "height": 2,
                    "width": 0,
                  },
                  "shadowOpacity": 0.25,
                  "shadowRadius": 3.84,
                }
              }
            >
              <Text
                style={
                  Object {
                    "alignSelf": "center",
                    "color": "#0F406E",
                    "fontSize": 20,
                    "fontWeight": "bold",
                    "letterSpacing": 3,
                    "padding": 10,
                  }
                }
              >
                MUSIC
              </Text>
              <Text
                style={
                  Object {
                    "alignSelf": "center",
                    "color": "#D1529E",
                    "fontSize": 18,
                  }
                }
              >
                &gt;
              </Text>
              <Text
                style={
                  Object {
                    "alignSelf": "center",
                    "color": "#54C1B7",
                    "fontSize": 18,
                  }
                }
              >
                &gt;
              </Text>
            </View>
          </View>
          <View
            accessible={true}
            focusable={true}
            isTVSelectable={true}
            onClick={[Function]}
            onResponderGrant={[Function]}
            onResponderMove={[Function]}
            onResponderRelease={[Function]}
            onResponderTerminate={[Function]}
            onResponderTerminationRequest={[Function]}
            onStartShouldSetResponder={[Function]}
            style={
              Object {
                "opacity": 1,
              }
            }
          >
            <View
              style={
                Object {
                  "backgroundColor": "white",
                  "borderRadius": 10,
                  "elevation": 5,
                  "flexDirection": "row",
                  "marginHorizontal": 5,
                  "marginVertical": 3,
                  "padding": 10,
                  "shadowColor": "#000",
                  "shadowOffset": Object {
                    "height": 2,
                    "width": 0,
                  },
                  "shadowOpacity": 0.25,
                  "shadowRadius": 3.84,
                }
              }
            >
              <Text
                style={
                  Object {
                    "alignSelf": "center",
                    "color": "#0F406E",
                    "fontSize": 20,
                    "fontWeight": "bold",
                    "letterSpacing": 3,
                    "padding": 10,
                  }
                }
              >
                SCIENCE
              </Text>
              <Text
                style={
                  Object {
                    "alignSelf": "center",
                    "color": "#D1529E",
                    "fontSize": 18,
                  }
                }
              >
                &gt;
              </Text>
              <Text
                style={
                  Object {
                    "alignSelf": "center",
                    "color": "#54C1B7",
                    "fontSize": 18,
                  }
                }
              >
                &gt;
              </Text>
            </View>
          </View>
          <View
            accessible={true}
            focusable={true}
            isTVSelectable={true}
            onClick={[Function]}
            onResponderGrant={[Function]}
            onResponderMove={[Function]}
            onResponderRelease={[Function]}
            onResponderTerminate={[Function]}
            onResponderTerminationRequest={[Function]}
            onStartShouldSetResponder={[Function]}
            style={
              Object {
                "opacity": 1,
              }
            }
          >
            <View
              style={
                Object {
                  "backgroundColor": "white",
                  "borderRadius": 10,
                  "elevation": 5,
                  "flexDirection": "row",
                  "marginHorizontal": 5,
                  "marginVertical": 3,
                  "padding": 10,
                  "shadowColor": "#000",
                  "shadowOffset": Object {
                    "height": 2,
                    "width": 0,
                  },
                  "shadowOpacity": 0.25,
                  "shadowRadius": 3.84,
                }
              }
            >
              <Text
                style={
                  Object {
                    "alignSelf": "center",
                    "color": "#0F406E",
                    "fontSize": 20,
                    "fontWeight": "bold",
                    "letterSpacing": 3,
                    "padding": 10,
                  }
                }
              >
                TECHNOLOGY
              </Text>
              <Text
                style={
                  Object {
                    "alignSelf": "center",
                    "color": "#D1529E",
                    "fontSize": 18,
                  }
                }
              >
                &gt;
              </Text>
              <Text
                style={
                  Object {
                    "alignSelf": "center",
                    "color": "#54C1B7",
                    "fontSize": 18,
                  }
                }
              >
                &gt;
              </Text>
            </View>
          </View>
          <View
            accessible={true}
            focusable={true}
            isTVSelectable={true}
            onClick={[Function]}
            onResponderGrant={[Function]}
            onResponderMove={[Function]}
            onResponderRelease={[Function]}
            onResponderTerminate={[Function]}
            onResponderTerminationRequest={[Function]}
            onStartShouldSetResponder={[Function]}
            style={
              Object {
                "opacity": 1,
              }
            }
          >
            <View
              style={
                Object {
                  "backgroundColor": "white",
                  "borderRadius": 10,
                  "elevation": 5,
                  "flexDirection": "row",
                  "marginHorizontal": 5,
                  "marginVertical": 3,
                  "padding": 10,
                  "shadowColor": "#000",
                  "shadowOffset": Object {
                    "height": 2,
                    "width": 0,
                  },
                  "shadowOpacity": 0.25,
                  "shadowRadius": 3.84,
                }
              }
            >
              <Text
                style={
                  Object {
                    "alignSelf": "center",
                    "color": "#0F406E",
                    "fontSize": 20,
                    "fontWeight": "bold",
                    "letterSpacing": 3,
                    "padding": 10,
                  }
                }
              >
                TRAVEL
              </Text>
              <Text
                style={
                  Object {
                    "alignSelf": "center",
                    "color": "#D1529E",
                    "fontSize": 18,
                  }
                }
              >
                &gt;
              </Text>
              <Text
                style={
                  Object {
                    "alignSelf": "center",
                    "color": "#54C1B7",
                    "fontSize": 18,
                  }
                }
              >
                &gt;
              </Text>
            </View>
          </View>
        </View>
      </View>
    </View>
    <View>
      <Text
        style={
          Object {
            "backgroundColor": "#54C1B7",
            "color": "white",
            "fontWeight": "bold",
            "marginVertical": 15,
            "paddingLeft": 15,
            "paddingVertical": 5,
          }
        }
      >
        Want more? Subscribe to our weekly newsletter:
      </Text>
      <View
        style={
          Object {
            "flexDirection": "row",
          }
        }
      >
        <Text
          style={
            Object {
              "alignSelf": "center",
              "fontSize": 20,
              "marginLeft": 5,
            }
          }
        >
          ‚úâÔ∏è
        </Text>
        <TextInput
          allowFontScaling={true}
          keyboardType="email-address"
          onChangeText={[Function]}
          placeholder="Email address..."
          rejectResponderTermination={true}
          style={
            Object {
              "borderColor": "#D1529E",
              "borderRadius": 5,
              "borderStyle": "dotted",
              "borderWidth": 1,
              "color": "#0F406E",
              "flex": 8,
              "marginLeft": 5,
              "marginVertical": 5,
              "padding": 15,
            }
          }
          underlineColorAndroid="transparent"
          value=""
        />
        <View
          accessible={true}
          focusable={true}
          isTVSelectable={true}
          onClick={[Function]}
          onResponderGrant={[Function]}
          onResponderMove={[Function]}
          onResponderRelease={[Function]}
          onResponderTerminate={[Function]}
          onResponderTerminationRequest={[Function]}
          onStartShouldSetResponder={[Function]}
          style={
            Object {
              "alignItems": "center",
              "backgroundColor": "#D1529E",
              "borderRadius": 15,
              "flex": 1,
              "justifyContent": "center",
              "margin": 5,
              "opacity": 1,
              "padding": 5,
            }
          }
        >
          <Text
            style={
              Object {
                "color": "white",
                "fontWeight": "bold",
              }
            }
          >
            Go!
          </Text>
        </View>
      </View>
    </View>
    <Text
      onPress={[Function]}
      style={
        Object {
          "backgroundColor": "#D1529E",
          "color": "white",
          "fontWeight": "bold",
          "marginVertical": 15,
          "paddingRight": 15,
          "paddingVertical": 5,
          "textAlign": "right",
        }
      }
    >
      Developed With üíõ By Judit Lehoczki
    </Text>
  </View>
</RCTScrollView>
`;
